#
# A fatal error has been detected by the Java Runtime Environment:
#
#  EXCEPTION_ACCESS_VIOLATION (0xc0000005) at pc=0x00007ffedb0bca66, pid=20108, tid=33512
#
# JRE version: OpenJDK Runtime Environment Temurin-21.0.9+10 (21.0.9+10) (build 21.0.9+10-LTS)
# Java VM: OpenJDK 64-Bit Server VM Temurin-21.0.9+10 (21.0.9+10-LTS, mixed mode, emulated-client, sharing, tiered, compressed oops, compressed class ptrs, g1 gc, windows-amd64)
# Problematic frame:
# V  [jvm.dll+0xca66]
#
# No core dump will be written. Minidumps are not enabled by default on client versions of Windows
#
# If you would like to submit a bug report, please visit:
#   https://github.com/adoptium/adoptium-support/issues
#

---------------  S U M M A R Y ------------

Command Line: -XX:+ShowCodeDetailsInExceptionMessages -agentlib:jdwp=transport=dt_socket,suspend=y,address=localhost:63866 -Dcom.sun.management.jmxremote -Dcom.sun.management.jmxremote.port=63865 -Dcom.sun.management.jmxremote.authenticate=false -Dcom.sun.management.jmxremote.ssl=false -Djava.rmi.server.hostname=localhost -Dspring.jmx.enabled=true -Dmanagement.endpoints.jmx.exposure.include=* -Dspring.application.admin.enabled=true -Dspring.output.ansi.enabled=always -XX:TieredStopAtLevel=1 -Dspring.boot.project.name=Pakubakupaku_ECsite-1 -javaagent:C:\pleiades\2025-12\eclipse\configuration\org.eclipse.osgi\258\0\.cp\lib\javaagent-shaded.jar -Dfile.encoding=UTF-8 -Dstdout.encoding=UTF-8 -Dstderr.encoding=UTF-8 com.example.hokkaidoec.PakubakupakuECsiteApplication

Host: Intel(R) Core(TM) Ultra 7 155U, 14 cores, 31G,  Windows 11 , 64 bit Build 26100 (10.0.26100.8328)
Time: Mon May 18 16:27:56 2026 elapsed time: 1393.236310 seconds (0d 0h 23m 13s)

---------------  T H R E A D  ---------------

Current thread (0x00000196f4929d80):  WorkerThread "GC Thread#3"    [id=33512, stack(0x00000079ac400000,0x00000079ac500000) (1024K)]

Stack: [0x00000079ac400000,0x00000079ac500000],  sp=0x00000079ac4fe448,  free space=1017k
Native frames: (J=compiled Java code, j=interpreted, Vv=VM code, C=native code)
V  [jvm.dll+0xca66]

JavaThread 0x00000196fa6230f0 (nid = 19608) was being processed
Java frames: (J=compiled Java code, j=interpreted, Vv=VM code)
j  java.lang.invoke.DirectMethodHandle$Holder.newInvokeSpecial(Ljava/lang/Object;Ljava/lang/Object;)Ljava/lang/Object;+16 java.base@21.0.9
J 2968 c1 java.lang.invoke.LambdaForm$MH+0x0000019681001c00.invoke(Ljava/lang/Object;Ljava/lang/Object;)Ljava/lang/Object; java.base@21.0.9 (35 bytes) @ 0x00000196e44b2aec [0x00000196e44b29e0+0x000000000000010c]
J 878 c1 jdk.internal.reflect.DirectConstructorHandleAccessor.newInstance([Ljava/lang/Object;)Ljava/lang/Object; java.base@21.0.9 (130 bytes) @ 0x00000196e41393a4 [0x00000196e4139160+0x0000000000000244]
J 877 c1 java.lang.reflect.Constructor.newInstanceWithCaller([Ljava/lang/Object;ZLjava/lang/Class;)Ljava/lang/Object; java.base@21.0.9 (51 bytes) @ 0x00000196e412ea3c [0x00000196e412e960+0x00000000000000dc]
J 3548 c1 org.springframework.beans.BeanUtils.instantiateClass(Ljava/lang/reflect/Constructor;[Ljava/lang/Object;)Ljava/lang/Object; (208 bytes) @ 0x00000196e45c2904 [0x00000196e45c2400+0x0000000000000504]
j  org.springframework.beans.factory.support.SimpleInstantiationStrategy.instantiate(Lorg/springframework/beans/factory/support/RootBeanDefinition;Ljava/lang/String;Lorg/springframework/beans/factory/BeanFactory;Ljava/lang/reflect/Constructor;[Ljava/lang/Object;)Ljava/lang/Object;+11
j  org.springframework.beans.factory.support.ConstructorResolver.instantiate(Ljava/lang/String;Lorg/springframework/beans/factory/support/RootBeanDefinition;Ljava/lang/reflect/Constructor;[Ljava/lang/Object;)Ljava/lang/Object;+20
j  org.springframework.beans.factory.support.ConstructorResolver.autowireConstructor(Ljava/lang/String;Lorg/springframework/beans/factory/support/RootBeanDefinition;[Ljava/lang/reflect/Constructor;[Ljava/lang/Object;)Lorg/springframework/beans/BeanWrapper;+912
J 5794 c1 org.springframework.beans.factory.support.AbstractAutowireCapableBeanFactory.createBeanInstance(Ljava/lang/String;Lorg/springframework/beans/factory/support/RootBeanDefinition;[Ljava/lang/Object;)Lorg/springframework/beans/BeanWrapper; (245 bytes) @ 0x00000196e487ed04 [0x00000196e487e5c0+0x0000000000000744]
J 5793 c1 org.springframework.beans.factory.support.AbstractAutowireCapableBeanFactory.doCreateBean(Ljava/lang/String;Lorg/springframework/beans/factory/support/RootBeanDefinition;[Ljava/lang/Object;)Ljava/lang/Object; (465 bytes) @ 0x00000196e4880b2c [0x00000196e4880980+0x00000000000001ac]
J 5792 c1 org.springframework.beans.factory.support.AbstractAutowireCapableBeanFactory.createBean(Ljava/lang/String;Lorg/springframework/beans/factory/support/RootBeanDefinition;[Ljava/lang/Object;)Ljava/lang/Object; (214 bytes) @ 0x00000196e487d0ac [0x00000196e487cbc0+0x00000000000004ec]
J 5590 c1 org.springframework.beans.factory.support.AbstractBeanFactory$$Lambda+0x00000196812e59b0.getObject()Ljava/lang/Object; (20 bytes) @ 0x00000196e3ed8d3c [0x00000196e3ed8ca0+0x000000000000009c]
J 5588 c1 org.springframework.beans.factory.support.DefaultSingletonBeanRegistry.getSingleton(Ljava/lang/String;Lorg/springframework/beans/factory/ObjectFactory;)Ljava/lang/Object; (1299 bytes) @ 0x00000196e3ecc9b4 [0x00000196e3ecb700+0x00000000000012b4]
J 3236 c1 org.springframework.beans.factory.support.AbstractBeanFactory.doGetBean(Ljava/lang/String;Ljava/lang/Class;[Ljava/lang/Object;Z)Ljava/lang/Object; (791 bytes) @ 0x00000196e453582c [0x00000196e45351a0+0x000000000000068c]
J 5704 c1 org.springframework.beans.factory.support.DefaultListableBeanFactory.instantiateSingleton(Ljava/lang/String;)V (56 bytes) @ 0x00000196e3e98c74 [0x00000196e3e98820+0x0000000000000454]
J 5702 c1 org.springframework.beans.factory.support.DefaultListableBeanFactory.preInstantiateSingleton(Ljava/lang/String;Lorg/springframework/beans/factory/support/RootBeanDefinition;)Ljava/util/concurrent/CompletableFuture; (165 bytes) @ 0x00000196e3e9a684 [0x00000196e3e9a3e0+0x00000000000002a4]
j  org.springframework.beans.factory.support.DefaultListableBeanFactory.preInstantiateSingletons()V+130
j  org.springframework.context.support.AbstractApplicationContext.finishBeanFactoryInitialization(Lorg/springframework/beans/factory/config/ConfigurableListableBeanFactory;)V+290
j  org.springframework.context.support.AbstractApplicationContext.refresh()V+94
j  org.springframework.boot.web.server.servlet.context.ServletWebServerApplicationContext.refresh()V+1
j  org.springframework.boot.SpringApplication.refresh(Lorg/springframework/context/ConfigurableApplicationContext;)V+1
j  org.springframework.boot.SpringApplication.refreshContext(Lorg/springframework/context/ConfigurableApplicationContext;)V+19
j  org.springframework.boot.SpringApplication.run([Ljava/lang/String;)Lorg/springframework/context/ConfigurableApplicationContext;+113
j  org.springframework.boot.SpringApplication.run([Ljava/lang/Class;[Ljava/lang/String;)Lorg/springframework/context/ConfigurableApplicationContext;+9
j  org.springframework.boot.SpringApplication.run(Ljava/lang/Class;[Ljava/lang/String;)Lorg/springframework/context/ConfigurableApplicationContext;+9
j  com.example.hokkaidoec.PakubakupakuECsiteApplication.main([Ljava/lang/String;)V+3
j  java.lang.invoke.LambdaForm$DMH+0x0000019681004c00.invokeStatic(Ljava/lang/Object;Ljava/lang/Object;)V+10 java.base@21.0.9
j  java.lang.invoke.LambdaForm$MH+0x00000196813e9800.invoke(Ljava/lang/Object;Ljava/lang/Object;Ljava/lang/Object;)Ljava/lang/Object;+33 java.base@21.0.9
J 4349 c1 jdk.internal.reflect.DirectMethodHandleAccessor.invoke(Ljava/lang/Object;[Ljava/lang/Object;)Ljava/lang/Object; java.base@21.0.9 (92 bytes) @ 0x00000196e471967c [0x00000196e47192c0+0x00000000000003bc]
J 4448 c1 java.lang.reflect.Method.invoke(Ljava/lang/Object;[Ljava/lang/Object;)Ljava/lang/Object; java.base@21.0.9 (108 bytes) @ 0x00000196e4745ef4 [0x00000196e4745d00+0x00000000000001f4]
j  org.springframework.boot.devtools.restart.RestartLauncher.run()V+47
v  ~StubRoutines::call_stub 0x00000196e3d2100d

siginfo: EXCEPTION_ACCESS_VIOLATION (0xc0000005), reading address 0x000001970072ba00


Registers:
RAX=0x0000000000000000, RBX=0x00000196fa66d6f8, RCX=0x00000079aa9fdb78, RDX=0x00000079aa9fdb78
RSP=0x00000079ac4fe448, RBP=0x00000079ac4fe600, RSI=0x0000000000002b92, RDI=0x00000079aa9fdb78
R8 =0x000001970072b9f8, R9 =0x00000079aa9fdb78, R10=0x00000196e3d20000, R11=0x00000079ac4fe678
R12=0x00000079aa9fdb78, R13=0x000001970072b9f8, R14=0x00000196f48eaff0, R15=0x00000196fa62ebf0
RIP=0x00007ffedb0bca66, EFLAGS=0x0000000000010202

XMM[0]=0x3b3b3b3b3b3b3b3b 0x3b3b3b3b3b3b3b3b
XMM[1]=0x00000000000000ff 0x0000000000000000
XMM[2]=0x0000000000000000 0x0000000000000000
XMM[3]=0x0000000000000000 0x4095c4e8ba336d15
XMM[4]=0x0000000000000000 0x0000000000000000
XMM[5]=0x0000000000000000 0x0000000000000000
XMM[6]=0x0000000000000000 0x0000000000000000
XMM[7]=0x0000000000000000 0x0000000000000000
XMM[8]=0x0000000000000000 0x0000000000000000
XMM[9]=0x0000000000000000 0x0000000000000000
XMM[10]=0x0000000000000000 0x0000000000000000
XMM[11]=0x0000000000000000 0x0000000000000000
XMM[12]=0x0000000000000000 0x0000000000000000
XMM[13]=0x0000000000000000 0x0000000000000000
XMM[14]=0x0000000000000000 0x0000000000000000
XMM[15]=0x0000000000000000 0x0000000000000000
  MXCSR=0x00001fa0


Register to memory mapping:

RAX=0x0 is null
RBX=0x00000196fa66d6f8 points into unknown readable memory: 0x00007ffedbaeae70 | 70 ae ae db fe 7f 00 00
RCX=0x00000079aa9fdb78 is pointing into the stack for thread: 0x00000196fa6230f0
RDX=0x00000079aa9fdb78 is pointing into the stack for thread: 0x00000196fa6230f0
RSP=0x00000079ac4fe448 points into unknown readable memory: 0x00007ffedb41085b | 5b 08 41 db fe 7f 00 00
RBP=0x00000079ac4fe600 points into unknown readable memory: 0x0000019600000000 | 00 00 00 00 96 01 00 00
RSI=0x0000000000002b92 is an unknown value
RDI=0x00000079aa9fdb78 is pointing into the stack for thread: 0x00000196fa6230f0
R8 =0x000001970072b9f8 is an unknown value
R9 =0x00000079aa9fdb78 is pointing into the stack for thread: 0x00000196fa6230f0
R10=0x00000196e3d20000 points into unknown readable memory: 0x0000000000000006 | 06 00 00 00 00 00 00 00
R11=0x00000079ac4fe678 points into unknown readable memory: 0x00007ffedb3ccd85 | 85 cd 3c db fe 7f 00 00
R12=0x00000079aa9fdb78 is pointing into the stack for thread: 0x00000196fa6230f0
R13=0x000001970072b9f8 is an unknown value
R14=0x00000196f48eaff0 points into unknown readable memory: 0x7379530f0001b602 | 02 b6 01 00 0f 53 79 73
R15=0x00000196fa62ebf0 points into unknown readable memory: 0x00007ffedbae9188 | 88 91 ae db fe 7f 00 00

Top of Stack: (sp=0x00000079ac4fe448)
0x00000079ac4fe448:   00007ffedb41085b 0000000000000008
0x00000079ac4fe458:   00007ffedb3ded95 00000196fa66d758
0x00000079ac4fe468:   00007ffedb850411 000000000000012f
0x00000079ac4fe478:   00007ffedb774c03 00000196fa66d6f8
0x00000079ac4fe488:   0000000000000000 00000196f48eaff0
0x00000079ac4fe498:   00000196f3f20500 0000019680543630
0x00000079ac4fe4a8:   00000079aa9fdb78 00000079ac4fe7b0
0x00000079ac4fe4b8:   00000079ac4fe600 00000196fa66d6f8
0x00000079ac4fe4c8:   00007ffedb41ef84 00000079ac4fe590
0x00000079ac4fe4d8:   00000079ac4fe7b0 0000019680480090
0x00000079ac4fe4e8:   0000000000000000 0000000000000002
0x00000079ac4fe4f8:   00007ffedb3cd2db 00000196fa66d6f8
0x00000079ac4fe508:   00000196fa66d6f8 00000196800b5910
0x00000079ac4fe518:   0000000000000000 00000010e49bf901
0x00000079ac4fe528:   00000196800b5910 00000196f4929d80
0x00000079ac4fe538:   0000019600000004 00000000000003d8
0x00000079ac4fe548:   00000196f3f20510 00000196f3f208e8
0x00000079ac4fe558:   000001968072b9f8 00000196000000b8
0x00000079ac4fe568:   00000196800b5910 00007ffedbae0700
0x00000079ac4fe578:   00000079ac4fe7b0 00000196fa66d6f8
0x00000079ac4fe588:   0000000400000003 0000019680543630
0x00000079ac4fe598:   0000001300000001 0000000000000044
0x00000079ac4fe5a8:   000000010000000c 0000019680480090
0x00000079ac4fe5b8:   0000000000000000 00000196e49bf910
0x00000079ac4fe5c8:   0000522392764e1c 00007ffedb917b50
0x00000079ac4fe5d8:   00000079ac4fe660 00000000000003d8
0x00000079ac4fe5e8:   00000196f3f208e8 00000196800176d0
0x00000079ac4fe5f8:   00000006e49b0013 0000019600000000
0x00000079ac4fe608:   0000000000000015 00000196fa66d6f8
0x00000079ac4fe618:   00007ffedb41efde 0000000000000000
0x00000079ac4fe628:   0000019600000003 0000522392764e0c
0x00000079ac4fe638:   00007ffedb3ddae7 00000196fa66d7a0 

Instructions: (pc=0x00007ffedb0bca66)
0x00007ffedb0bc966:   48 8b 05 03 e5 cd 00 48 8b 48 60 48 8b 04 d1 48
0x00007ffedb0bc976:   85 c0 75 08 48 8b 05 f7 e4 cd 00 c3 48 8b 05 e7
0x00007ffedb0bc986:   e4 cd 00 c3 cc cc cc cc cc cc 8b 05 a2 b6 c2 00
0x00007ffedb0bc996:   c3 cc cc cc cc cc cc cc cc cc 0f b6 05 65 d1 c2
0x00007ffedb0bc9a6:   00 48 8b d1 84 c0 74 16 44 8b 41 08 8b 0d 80 b6
0x00007ffedb0bc9b6:   c2 00 49 d3 e0 4c 03 05 6e b6 c2 00 eb 04 4c 8b
0x00007ffedb0bc9c6:   41 08 45 8b 48 08 45 85 c9 7e 0e 41 f6 c1 01 75
0x00007ffedb0bc9d6:   53 41 c1 f9 03 49 63 c1 c3 79 49 84 c0 41 b8 0c
0x00007ffedb0bc9e6:   00 00 00 8b 05 b9 c7 c2 00 b9 10 00 00 00 41 0f
0x00007ffedb0bc9f6:   45 c8 ff c8 4c 63 c0 41 8b c1 48 c1 f8 10 0f b6
0x00007ffedb0bca06:   c0 48 63 14 11 41 8b c9 83 e1 3f 48 d3 e2 49 8d
0x00007ffedb0bca16:   0c 10 49 f7 d0 48 03 c1 49 c1 e8 03 48 c1 e8 03
0x00007ffedb0bca26:   49 23 c0 c3 49 8b 00 49 8b c8 48 ff a0 00 01 00
0x00007ffedb0bca36:   00 cc cc cc cc cc cc cc cc cc 8b 44 24 30 45 03
0x00007ffedb0bca46:   c9 44 2b 4c 24 28 83 c0 0b 44 03 ca 45 03 c8 41
0x00007ffedb0bca56:   03 c1 c3 cc cc cc cc cc cc cc 4c 8b c2 48 8b d1
0x00007ffedb0bca66:   45 8b 48 08 45 85 c9 7e 0e 41 f6 c1 01 75 56 41
0x00007ffedb0bca76:   c1 f9 03 49 63 c1 c3 79 4c 80 3d 86 d0 c2 00 00
0x00007ffedb0bca86:   b8 0c 00 00 00 b9 10 00 00 00 0f 45 c8 8b 05 0f
0x00007ffedb0bca96:   c7 c2 00 ff c8 4c 63 c0 41 8b c1 48 c1 f8 10 48
0x00007ffedb0bcaa6:   63 14 11 41 8b c9 83 e1 3f 0f b6 c0 48 d3 e2 49
0x00007ffedb0bcab6:   8d 0c 10 49 f7 d0 48 03 c1 49 c1 e8 03 48 c1 e8
0x00007ffedb0bcac6:   03 49 23 c0 c3 49 8b 00 49 8b c8 48 ff a0 00 01
0x00007ffedb0bcad6:   00 00 cc cc cc cc cc cc cc cc 48 8b 41 08 0f b7
0x00007ffedb0bcae6:   48 2c 0f b7 40 2a 83 c0 48 03 c1 c3 cc cc cc cc
0x00007ffedb0bcaf6:   cc cc cc cc cc cc cc cc cc cc 48 89 5c 24 08 57
0x00007ffedb0bcb06:   48 83 ec 20 0f b6 05 af cc cd 00 48 8b fa 48 8b
0x00007ffedb0bcb16:   d9 84 c0 74 4f 48 85 15 56 c4 cd 00 74 38 48 8b
0x00007ffedb0bcb26:   ca e8 94 98 8d 00 48 8b d0 48 85 db 74 25 48 85
0x00007ffedb0bcb36:   c0 74 20 48 8b c7 f0 48 0f b1 13 74 16 48 85 05
0x00007ffedb0bcb46:   2e c4 cd 00 74 0d 48 8b c8 f0 48 0f b1 13 48 3b
0x00007ffedb0bcb56:   c1 75 ea 48 8b fa 48 8b c7 48 8b 5c 24 30 48 83 


Stack slot to memory mapping:

stack at sp + 0 slots: 0x00007ffedb41085b jvm.dll
stack at sp + 1 slots: 0x0000000000000008 is an unknown value
stack at sp + 2 slots: 0x00007ffedb3ded95 jvm.dll
stack at sp + 3 slots: 0x00000196fa66d758 points into unknown readable memory: 0x00007ffedbaeaea0 | a0 ae ae db fe 7f 00 00
stack at sp + 4 slots: 0x00007ffedb850411 jvm.dll
stack at sp + 5 slots: 0x000000000000012f is an unknown value
stack at sp + 6 slots: 0x00007ffedb774c03 jvm.dll
stack at sp + 7 slots: 0x00000196fa66d6f8 points into unknown readable memory: 0x00007ffedbaeae70 | 70 ae ae db fe 7f 00 00


---------------  P R O C E S S  ---------------

Threads class SMR info:
_java_thread_list=0x00000196fa6a6680, length=30, elements={
0x00000196f3d68450, 0x00000196f3d6aeb0, 0x00000196f3d6dd60, 0x00000196f3d717d0,
0x00000196f3d72f40, 0x00000196f3d76700, 0x00000196f3dacec0, 0x00000196f3f02820,
0x00000196f3f12ef0, 0x00000196f3f15580, 0x00000196f3f18450, 0x00000196f469b570,
0x00000196f48d3bd0, 0x00000196f4991a70, 0x00000196f49c34f0, 0x00000196f95bb7b0,
0x00000196f95ba400, 0x00000196f95baa90, 0x00000196f95b9050, 0x00000196fa629360,
0x00000196fa625850, 0x00000196fa623780, 0x00000196fa622a60, 0x00000196fa623e10,
0x00000196fa626570, 0x00000196fa6230f0, 0x00000196fa626c00, 0x00000196fa627920,
0x00000196fa6251c0, 0x00000196fa6244a0
}

Java Threads: ( => current thread )
  0x00000196f3d68450 JavaThread "Reference Handler"          daemon [_thread_blocked, id=6332, stack(0x00000079ab200000,0x00000079ab300000) (1024K)]
  0x00000196f3d6aeb0 JavaThread "Finalizer"                  daemon [_thread_blocked, id=36288, stack(0x00000079ab300000,0x00000079ab400000) (1024K)]
  0x00000196f3d6dd60 JavaThread "Signal Dispatcher"          daemon [_thread_blocked, id=13872, stack(0x00000079ab400000,0x00000079ab500000) (1024K)]
  0x00000196f3d717d0 JavaThread "Attach Listener"            daemon [_thread_blocked, id=29856, stack(0x00000079ab500000,0x00000079ab600000) (1024K)]
  0x00000196f3d72f40 JavaThread "Service Thread"             daemon [_thread_blocked, id=18196, stack(0x00000079ab600000,0x00000079ab700000) (1024K)]
  0x00000196f3d76700 JavaThread "Monitor Deflation Thread"   daemon [_thread_blocked, id=31076, stack(0x00000079ab700000,0x00000079ab800000) (1024K)]
  0x00000196f3dacec0 JavaThread "C1 CompilerThread0"         daemon [_thread_blocked, id=30080, stack(0x00000079ab800000,0x00000079ab900000) (1024K)]
  0x00000196f3f02820 JavaThread "JDWP Transport Listener: dt_socket" daemon [_thread_blocked, id=34024, stack(0x00000079abc00000,0x00000079abd00000) (1024K)]
  0x00000196f3f12ef0 JavaThread "JDWP Event Helper Thread"   daemon [_thread_blocked, id=19800, stack(0x00000079abd00000,0x00000079abe00000) (1024K)]
  0x00000196f3f15580 JavaThread "JDWP Command Reader"        daemon [_thread_in_native, id=31996, stack(0x00000079abe00000,0x00000079abf00000) (1024K)]
  0x00000196f3f18450 JavaThread "Common-Cleaner"             daemon [_thread_blocked, id=24796, stack(0x00000079abf00000,0x00000079ac000000) (1024K)]
  0x00000196f469b570 JavaThread "Notification Thread"        daemon [_thread_blocked, id=3436, stack(0x00000079ac000000,0x00000079ac100000) (1024K)]
  0x00000196f48d3bd0 JavaThread "RMI TCP Accept-0"           daemon [_thread_in_native, id=2720, stack(0x00000079ac100000,0x00000079ac200000) (1024K)]
  0x00000196f4991a70 JavaThread "RMI TCP Accept-63865"       daemon [_thread_in_native, id=33580, stack(0x00000079acc00000,0x00000079acd00000) (1024K)]
  0x00000196f49c34f0 JavaThread "RMI TCP Accept-0"           daemon [_thread_in_native, id=13348, stack(0x00000079acd00000,0x00000079ace00000) (1024K)]
  0x00000196f95bb7b0 JavaThread "RMI Scheduler(0)"           daemon [_thread_blocked, id=7420, stack(0x00000079ad200000,0x00000079ad300000) (1024K)]
  0x00000196f95ba400 JavaThread "RMI TCP Connection(26)-127.0.0.1" daemon [_thread_in_native, id=28580, stack(0x00000079ad300000,0x00000079ad400000) (1024K)]
  0x00000196f95baa90 JavaThread "JMX server connection timeout 46" daemon [_thread_blocked, id=31468, stack(0x00000079ad400000,0x00000079ad500000) (1024K)]
  0x00000196f95b9050 JavaThread "Cleaner-0"                  daemon [_thread_blocked, id=17764, stack(0x00000079ada00000,0x00000079adb00000) (1024K)]
  0x00000196fa629360 JavaThread "DestroyJavaVM"                     [_thread_blocked, id=25188, stack(0x00000079aaa00000,0x00000079aab00000) (1024K)]
  0x00000196fa625850 JavaThread "File Watcher"               daemon [_thread_blocked, id=31064, stack(0x00000079ab900000,0x00000079aba00000) (1024K)]
  0x00000196fa623780 JavaThread "File Watcher"               daemon [_thread_blocked, id=30496, stack(0x00000079aba00000,0x00000079abb00000) (1024K)]
  0x00000196fa622a60 JavaThread "File Watcher"               daemon [_thread_blocked, id=24888, stack(0x00000079ace00000,0x00000079acf00000) (1024K)]
  0x00000196fa623e10 JavaThread "Thread-22"                         [_thread_blocked, id=32004, stack(0x00000079aa700000,0x00000079aa800000) (1024K)]
  0x00000196fa626570 JavaThread "File Watcher"               daemon [_thread_blocked, id=27156, stack(0x00000079aa800000,0x00000079aa900000) (1024K)]
  0x00000196fa6230f0 JavaThread "restartedMain"                     [_thread_blocked, id=19608, stack(0x00000079aa900000,0x00000079aaa00000) (1024K)]
  0x00000196fa626c00 JavaThread "Catalina-utility-1"                [_thread_blocked, id=36440, stack(0x00000079abb00000,0x00000079abc00000) (1024K)]
  0x00000196fa627920 JavaThread "Catalina-utility-2"                [_thread_blocked, id=34456, stack(0x00000079acf00000,0x00000079ad000000) (1024K)]
  0x00000196fa6251c0 JavaThread "container-4"                       [_thread_blocked, id=27720, stack(0x00000079ad000000,0x00000079ad100000) (1024K)]
  0x00000196fa6244a0 JavaThread "HikariPool-6:housekeeper"   daemon [_thread_blocked, id=29632, stack(0x00000079ad100000,0x00000079ad200000) (1024K)]
Total: 30

Other Threads:
  0x00000196f3d4b510 VMThread "VM Thread"                           [id=36420, stack(0x00000079ab100000,0x00000079ab200000) (1024K)]
  0x00000196f1185bc0 WatcherThread "VM Periodic Task Thread"        [id=8564, stack(0x00000079ab000000,0x00000079ab100000) (1024K)]
  0x00000196db6bf180 WorkerThread "GC Thread#0"                     [id=31984, stack(0x00000079aab00000,0x00000079aac00000) (1024K)]
  0x00000196f4929640 WorkerThread "GC Thread#1"                     [id=8892, stack(0x00000079ac200000,0x00000079ac300000) (1024K)]
  0x00000196f49299e0 WorkerThread "GC Thread#2"                     [id=18724, stack(0x00000079ac300000,0x00000079ac400000) (1024K)]
=>0x00000196f4929d80 WorkerThread "GC Thread#3"                     [id=33512, stack(0x00000079ac400000,0x00000079ac500000) (1024K)]
  0x00000196f492a120 WorkerThread "GC Thread#4"                     [id=6304, stack(0x00000079ac500000,0x00000079ac600000) (1024K)]
  0x00000196f492a4c0 WorkerThread "GC Thread#5"                     [id=28308, stack(0x00000079ac600000,0x00000079ac700000) (1024K)]
  0x00000196f48f7d20 WorkerThread "GC Thread#6"                     [id=22824, stack(0x00000079ac700000,0x00000079ac800000) (1024K)]
  0x00000196f4982640 WorkerThread "GC Thread#7"                     [id=35988, stack(0x00000079ac800000,0x00000079ac900000) (1024K)]
  0x00000196f4981b60 WorkerThread "GC Thread#8"                     [id=36376, stack(0x00000079ac900000,0x00000079aca00000) (1024K)]
  0x00000196f4981080 WorkerThread "GC Thread#9"                     [id=24508, stack(0x00000079aca00000,0x00000079acb00000) (1024K)]
  0x00000196f49829e0 WorkerThread "GC Thread#10"                    [id=29592, stack(0x00000079acb00000,0x00000079acc00000) (1024K)]
  0x00000196f0f93f80 ConcurrentGCThread "G1 Main Marker"            [id=23128, stack(0x00000079aac00000,0x00000079aad00000) (1024K)]
  0x00000196db6ce050 WorkerThread "G1 Conc#0"                       [id=4580, stack(0x00000079aad00000,0x00000079aae00000) (1024K)]
  0x00000196f49817c0 WorkerThread "G1 Conc#1"                       [id=34660, stack(0x00000079ad500000,0x00000079ad600000) (1024K)]
  0x00000196f4981f00 WorkerThread "G1 Conc#2"                       [id=36684, stack(0x00000079ad600000,0x00000079ad700000) (1024K)]
  0x00000196f1056760 ConcurrentGCThread "G1 Refine#0"               [id=23732, stack(0x00000079aae00000,0x00000079aaf00000) (1024K)]
  0x00000196f10571e0 ConcurrentGCThread "G1 Service"                [id=29332, stack(0x00000079aaf00000,0x00000079ab000000) (1024K)]
Total: 19

Threads with active compile tasks:
Total: 0

VM state: at safepoint (normal execution)

VM Mutex/Monitor currently owned by a thread:  ([mutex/lock_event])
[0x00007ffedbd6d570] Threads_lock - owner thread: 0x00000196f3d4b510
[0x00007ffedbd6d670] Heap_lock - owner thread: 0x00000196fa623780

Heap address: 0x0000000608800000, size: 8056 MB, Compressed Oops mode: Zero based, Oop shift amount: 3

CDS archive(s) mapped at: [0x0000019680000000-0x0000019680c80000-0x0000019680c80000), size 13107200, SharedBaseAddress: 0x0000019680000000, ArchiveRelocationMode: 1.
Compressed class space mapped at: 0x0000019681000000-0x00000196c1000000, reserved size: 1073741824
Narrow klass base: 0x0000019680000000, Narrow klass shift: 0, Narrow klass range: 0x100000000

GC Precious Log:
 CardTable entry size: 512
 Card Set container configuration: InlinePtr #cards 4 size 8 Array Of Cards #cards 32 size 80 Howl #buckets 8 coarsen threshold 7372 Howl Bitmap #cards 1024 size 144 coarsen threshold 921 Card regions per heap region 1 cards per card region 8192
 CPUs: 14 total, 14 available
 Memory: 32212M
 Large Page Support: Disabled
 NUMA Support: Disabled
 Compressed Oops: Enabled (Zero based)
 Heap Region Size: 4M
 Heap Min Capacity: 8M
 Heap Initial Capacity: 504M
 Heap Max Capacity: 8056M
 Pre-touch: Disabled
 Parallel Workers: 11
 Concurrent Workers: 3
 Concurrent Refinement Workers: 11
 Periodic GC: Disabled

Heap:
 garbage-first heap   total 57344K, used 47849K [0x0000000608800000, 0x0000000800000000)
  region size 4096K, 7 young (28672K), 1 survivors (4096K)
 Metaspace       used 43691K, committed 44288K, reserved 1114112K
  class space    used 5941K, committed 6208K, reserved 1048576K

Heap Regions: E=young(eden), S=young(survivor), O=old, HS=humongous(starts), HC=humongous(continues), CS=collection set, F=free, TAMS=top-at-mark-start, PB=parsable bottom
|   0|0x0000000608800000, 0x0000000608bffff0, 0x0000000608c00000| 99%| O|  |TAMS 0x0000000608800000| PB 0x0000000608800000| Untracked 
|   1|0x0000000608c00000, 0x0000000608fffff8, 0x0000000609000000| 99%| O|  |TAMS 0x0000000608c00000| PB 0x0000000608c00000| Untracked 
|   2|0x0000000609000000, 0x00000006093ffff0, 0x0000000609400000| 99%| O|  |TAMS 0x0000000609000000| PB 0x0000000609000000| Untracked 
|   3|0x0000000609400000, 0x0000000609763b80, 0x0000000609800000| 84%| O|  |TAMS 0x0000000609400000| PB 0x0000000609400000| Untracked 
|   4|0x0000000609800000, 0x0000000609c00000, 0x0000000609c00000|100%| O|  |TAMS 0x0000000609800000| PB 0x0000000609800000| Untracked 
|   5|0x0000000609c00000, 0x0000000609e99000, 0x000000060a000000| 64%| O|  |TAMS 0x0000000609c00000| PB 0x0000000609c00000| Untracked 
|   6|0x000000060a000000, 0x000000060a0bda70, 0x000000060a400000| 18%| E|CS|TAMS 0x000000060a000000| PB 0x000000060a000000| Complete 
|   7|0x000000060a400000, 0x000000060a4b9790, 0x000000060a800000| 18%| S|  |TAMS 0x000000060a400000| PB 0x000000060a400000| Complete 
|   8|0x000000060a800000, 0x000000060ac00000, 0x000000060ac00000|100%| E|CS|TAMS 0x000000060a800000| PB 0x000000060a800000| Complete 
|   9|0x000000060ac00000, 0x000000060afffff8, 0x000000060b000000| 99%| E|CS|TAMS 0x000000060ac00000| PB 0x000000060ac00000| Complete 
|  10|0x000000060b000000, 0x000000060b400000, 0x000000060b400000|100%| E|CS|TAMS 0x000000060b000000| PB 0x000000060b000000| Complete 
|  11|0x000000060b400000, 0x000000060b800000, 0x000000060b800000|100%| E|CS|TAMS 0x000000060b400000| PB 0x000000060b400000| Complete 
|  12|0x000000060b800000, 0x000000060bc00000, 0x000000060bc00000|100%| E|CS|TAMS 0x000000060b800000| PB 0x000000060b800000| Complete 
|  13|0x000000060bc00000, 0x000000060c000000, 0x000000060c000000|100%| E|CS|TAMS 0x000000060bc00000| PB 0x000000060bc00000| Complete 

Card table byte_map: [0x00000196e8120000,0x00000196e90e0000] _byte_map_base: 0x00000196e50dc000

Marking Bits: (CMBitMap*) 0x00000196db6bf790
 Bits: [0x00000196e90e0000, 0x00000196f0ec0000)

Polling page: 0x00000196d9570000

Metaspace:

Usage:
  Non-class:     36.86 MB used.
      Class:      5.80 MB used.
       Both:     42.67 MB used.

Virtual space:
  Non-class space:       64.00 MB reserved,      37.19 MB ( 58%) committed,  1 nodes.
      Class space:        1.00 GB reserved,       6.06 MB ( <1%) committed,  1 nodes.
             Both:        1.06 GB reserved,      43.25 MB (  4%) committed. 

Chunk freelists:
   Non-Class:  10.54 MB
       Class:  9.98 MB
        Both:  20.52 MB

MaxMetaspaceSize: unlimited
CompressedClassSpaceSize: 1.00 GB
Initial GC threshold: 21.00 MB
Current GC threshold: 72.12 MB
CDS: on
 - commit_granule_bytes: 65536.
 - commit_granule_words: 8192.
 - virtual_space_node_default_size: 8388608.
 - enlarge_chunks_in_place: 1.
 - use_allocation_guard: 0.


Internal statistics:

num_allocs_failed_limit: 6.
num_arena_births: 1440.
num_arena_deaths: 710.
num_vsnodes_births: 2.
num_vsnodes_deaths: 0.
num_space_committed: 692.
num_space_uncommitted: 0.
num_chunks_returned_to_freelist: 900.
num_chunks_taken_from_freelist: 3229.
num_chunk_merges: 153.
num_chunk_splits: 1810.
num_chunks_enlarged: 1269.
num_inconsistent_stats: 0.

CodeCache: size=49152Kb used=14298Kb max_used=15998Kb free=34853Kb
 bounds [0x00000196e3d20000, 0x00000196e4d10000, 0x00000196e6d20000]
 total_blobs=7598, nmethods=6988, adapters=534, full_count=0
Compilation: enabled, stopped_count=0, restarted_count=0

Compilation events (20 events):
Event: 1201.079 Thread 0x00000196f3dacec0 8254       1       java.io.ObjectInputStream$BlockDataInputStream::peek (55 bytes)
Event: 1201.079 Thread 0x00000196f3dacec0 nmethod 8254 0x00000196e4360010 code [0x00000196e43601e0, 0x00000196e43603c0]
Event: 1201.080 Thread 0x00000196f3dacec0 8255       1       sun.rmi.server.MarshalOutputStream::replaceObject (33 bytes)
Event: 1201.080 Thread 0x00000196f3dacec0 nmethod 8255 0x00000196e4235a90 code [0x00000196e4235c80, 0x00000196e4236220]
Event: 1217.771 Thread 0x00000196f3dacec0 8256       1       org.apache.catalina.core.StandardContext::getThreadBindingListener (5 bytes)
Event: 1217.772 Thread 0x00000196f3dacec0 nmethod 8256 0x00000196e4799a10 code [0x00000196e4799ba0, 0x00000196e4799c70]
Event: 1260.880 Thread 0x00000196f3dacec0 8257       1       org.postgresql.jdbc.PgStatement$StatementResultHandler::handleCommandStatus (15 bytes)
Event: 1260.880 Thread 0x00000196f3dacec0 nmethod 8257 0x00000196e43cd490 code [0x00000196e43cd640, 0x00000196e43cd920]
Event: 1260.880 Thread 0x00000196f3dacec0 8258       1       org.postgresql.jdbc.ResultWrapper::<init> (20 bytes)
Event: 1260.881 Thread 0x00000196f3dacec0 nmethod 8258 0x00000196e479d090 code [0x00000196e479d220, 0x00000196e479d318]
Event: 1269.580 Thread 0x00000196f3dacec0 8259       1       java.lang.invoke.Invokers$Holder::invoke_MT (21 bytes)
Event: 1269.580 Thread 0x00000196f3dacec0 nmethod 8259 0x00000196e43de090 code [0x00000196e43de260, 0x00000196e43de440]
Event: 1269.673 Thread 0x00000196f3dacec0 8260   !   1       org.postgresql.jdbc.PgConnection::setNetworkTimeout (72 bytes)
Event: 1269.674 Thread 0x00000196f3dacec0 nmethod 8260 0x00000196e4af4790 code [0x00000196e4af4a20, 0x00000196e4af53d0]
Event: 1269.674 Thread 0x00000196f3dacec0 8261   !   1       org.postgresql.jdbc.PgConnection::checkPermission (45 bytes)
Event: 1269.675 Thread 0x00000196f3dacec0 nmethod 8261 0x00000196e453f790 code [0x00000196e453f980, 0x00000196e453fc20]
Event: 1269.675 Thread 0x00000196f3dacec0 8262       1       org.postgresql.core.QueryExecutorBase::setNetworkTimeout (9 bytes)
Event: 1269.675 Thread 0x00000196f3dacec0 nmethod 8262 0x00000196e43e2d10 code [0x00000196e43e2ec0, 0x00000196e43e3008]
Event: 1321.296 Thread 0x00000196f3dacec0 8263       1       sun.nio.ch.NioSocketImpl::timedRead (85 bytes)
Event: 1321.297 Thread 0x00000196f3dacec0 nmethod 8263 0x00000196e44dc110 code [0x00000196e44dc300, 0x00000196e44dc5e8]

GC Heap History (20 events):
Event: 737.686 GC heap after
{Heap after GC invocations=34 (full 4):
 garbage-first heap   total 57344K, used 23038K [0x0000000608800000, 0x0000000800000000)
  region size 4096K, 1 young (4096K), 1 survivors (4096K)
 Metaspace       used 43630K, committed 44288K, reserved 1114112K
  class space    used 5934K, committed 6208K, reserved 1048576K
}
Event: 778.983 GC heap before
{Heap before GC invocations=34 (full 4):
 garbage-first heap   total 57344K, used 43518K [0x0000000608800000, 0x0000000800000000)
  region size 4096K, 6 young (24576K), 1 survivors (4096K)
 Metaspace       used 43666K, committed 44288K, reserved 1114112K
  class space    used 5937K, committed 6208K, reserved 1048576K
}
Event: 778.984 GC heap after
{Heap after GC invocations=35 (full 4):
 garbage-first heap   total 57344K, used 23362K [0x0000000608800000, 0x0000000800000000)
  region size 4096K, 1 young (4096K), 1 survivors (4096K)
 Metaspace       used 43666K, committed 44288K, reserved 1114112K
  class space    used 5937K, committed 6208K, reserved 1048576K
}
Event: 836.596 GC heap before
{Heap before GC invocations=35 (full 4):
 garbage-first heap   total 57344K, used 43842K [0x0000000608800000, 0x0000000800000000)
  region size 4096K, 6 young (24576K), 1 survivors (4096K)
 Metaspace       used 43666K, committed 44288K, reserved 1114112K
  class space    used 5937K, committed 6208K, reserved 1048576K
}
Event: 836.597 GC heap after
{Heap after GC invocations=36 (full 4):
 garbage-first heap   total 57344K, used 23255K [0x0000000608800000, 0x0000000800000000)
  region size 4096K, 1 young (4096K), 1 survivors (4096K)
 Metaspace       used 43666K, committed 44288K, reserved 1114112K
  class space    used 5937K, committed 6208K, reserved 1048576K
}
Event: 905.842 GC heap before
{Heap before GC invocations=36 (full 4):
 garbage-first heap   total 57344K, used 47831K [0x0000000608800000, 0x0000000800000000)
  region size 4096K, 7 young (28672K), 1 survivors (4096K)
 Metaspace       used 43676K, committed 44288K, reserved 1114112K
  class space    used 5939K, committed 6208K, reserved 1048576K
}
Event: 905.844 GC heap after
{Heap after GC invocations=37 (full 4):
 garbage-first heap   total 57344K, used 23272K [0x0000000608800000, 0x0000000800000000)
  region size 4096K, 1 young (4096K), 1 survivors (4096K)
 Metaspace       used 43676K, committed 44288K, reserved 1114112K
  class space    used 5939K, committed 6208K, reserved 1048576K
}
Event: 976.313 GC heap before
{Heap before GC invocations=37 (full 4):
 garbage-first heap   total 57344K, used 47848K [0x0000000608800000, 0x0000000800000000)
  region size 4096K, 7 young (28672K), 1 survivors (4096K)
 Metaspace       used 43676K, committed 44288K, reserved 1114112K
  class space    used 5939K, committed 6208K, reserved 1048576K
}
Event: 976.314 GC heap after
{Heap after GC invocations=38 (full 4):
 garbage-first heap   total 57344K, used 23249K [0x0000000608800000, 0x0000000800000000)
  region size 4096K, 1 young (4096K), 1 survivors (4096K)
 Metaspace       used 43676K, committed 44288K, reserved 1114112K
  class space    used 5939K, committed 6208K, reserved 1048576K
}
Event: 1045.583 GC heap before
{Heap before GC invocations=38 (full 4):
 garbage-first heap   total 57344K, used 47825K [0x0000000608800000, 0x0000000800000000)
  region size 4096K, 7 young (28672K), 1 survivors (4096K)
 Metaspace       used 43676K, committed 44288K, reserved 1114112K
  class space    used 5939K, committed 6208K, reserved 1048576K
}
Event: 1045.584 GC heap after
{Heap after GC invocations=39 (full 4):
 garbage-first heap   total 57344K, used 23250K [0x0000000608800000, 0x0000000800000000)
  region size 4096K, 1 young (4096K), 1 survivors (4096K)
 Metaspace       used 43676K, committed 44288K, reserved 1114112K
  class space    used 5939K, committed 6208K, reserved 1048576K
}
Event: 1115.416 GC heap before
{Heap before GC invocations=39 (full 4):
 garbage-first heap   total 57344K, used 47826K [0x0000000608800000, 0x0000000800000000)
  region size 4096K, 7 young (28672K), 1 survivors (4096K)
 Metaspace       used 43676K, committed 44288K, reserved 1114112K
  class space    used 5939K, committed 6208K, reserved 1048576K
}
Event: 1115.417 GC heap after
{Heap after GC invocations=40 (full 4):
 garbage-first heap   total 57344K, used 23222K [0x0000000608800000, 0x0000000800000000)
  region size 4096K, 1 young (4096K), 1 survivors (4096K)
 Metaspace       used 43676K, committed 44288K, reserved 1114112K
  class space    used 5939K, committed 6208K, reserved 1048576K
}
Event: 1185.606 GC heap before
{Heap before GC invocations=40 (full 4):
 garbage-first heap   total 57344K, used 47798K [0x0000000608800000, 0x0000000800000000)
  region size 4096K, 7 young (28672K), 1 survivors (4096K)
 Metaspace       used 43676K, committed 44288K, reserved 1114112K
  class space    used 5939K, committed 6208K, reserved 1048576K
}
Event: 1185.607 GC heap after
{Heap after GC invocations=41 (full 4):
 garbage-first heap   total 57344K, used 23218K [0x0000000608800000, 0x0000000800000000)
  region size 4096K, 1 young (4096K), 1 survivors (4096K)
 Metaspace       used 43676K, committed 44288K, reserved 1114112K
  class space    used 5939K, committed 6208K, reserved 1048576K
}
Event: 1253.771 GC heap before
{Heap before GC invocations=41 (full 4):
 garbage-first heap   total 57344K, used 47794K [0x0000000608800000, 0x0000000800000000)
  region size 4096K, 7 young (28672K), 1 survivors (4096K)
 Metaspace       used 43687K, committed 44288K, reserved 1114112K
  class space    used 5940K, committed 6208K, reserved 1048576K
}
Event: 1253.772 GC heap after
{Heap after GC invocations=42 (full 4):
 garbage-first heap   total 57344K, used 23298K [0x0000000608800000, 0x0000000800000000)
  region size 4096K, 1 young (4096K), 1 survivors (4096K)
 Metaspace       used 43687K, committed 44288K, reserved 1114112K
  class space    used 5940K, committed 6208K, reserved 1048576K
}
Event: 1323.833 GC heap before
{Heap before GC invocations=42 (full 4):
 garbage-first heap   total 57344K, used 47874K [0x0000000608800000, 0x0000000800000000)
  region size 4096K, 7 young (28672K), 1 survivors (4096K)
 Metaspace       used 43687K, committed 44288K, reserved 1114112K
  class space    used 5940K, committed 6208K, reserved 1048576K
}
Event: 1323.835 GC heap after
{Heap after GC invocations=43 (full 4):
 garbage-first heap   total 57344K, used 23273K [0x0000000608800000, 0x0000000800000000)
  region size 4096K, 1 young (4096K), 1 survivors (4096K)
 Metaspace       used 43687K, committed 44288K, reserved 1114112K
  class space    used 5940K, committed 6208K, reserved 1048576K
}
Event: 1393.227 GC heap before
{Heap before GC invocations=43 (full 4):
 garbage-first heap   total 57344K, used 47849K [0x0000000608800000, 0x0000000800000000)
  region size 4096K, 7 young (28672K), 1 survivors (4096K)
 Metaspace       used 43691K, committed 44288K, reserved 1114112K
  class space    used 5941K, committed 6208K, reserved 1048576K
}

Dll operation events (12 events):
Event: 0.007 Loaded shared library C:\pleiades\2025-12\java\21\bin\java.dll
Event: 0.275 Loaded shared library C:\pleiades\2025-12\java\21\bin\zip.dll
Event: 0.279 Loaded shared library C:\pleiades\2025-12\java\21\bin\instrument.dll
Event: 0.283 Loaded shared library C:\pleiades\2025-12\java\21\bin\net.dll
Event: 0.284 Loaded shared library C:\pleiades\2025-12\java\21\bin\nio.dll
Event: 0.285 Loaded shared library C:\pleiades\2025-12\java\21\bin\zip.dll
Event: 0.352 Loaded shared library C:\pleiades\2025-12\java\21\bin\jimage.dll
Event: 0.376 Loaded shared library C:\pleiades\2025-12\java\21\bin\management.dll
Event: 0.382 Loaded shared library C:\pleiades\2025-12\java\21\bin\management_ext.dll
Event: 0.471 Loaded shared library C:\pleiades\2025-12\java\21\bin\verify.dll
Event: 0.523 Loaded shared library C:\pleiades\2025-12\java\21\bin\extnet.dll
Event: 1.126 Loaded shared library C:\pleiades\2025-12\java\21\bin\sunmscapi.dll

Deoptimization events (20 events):
Event: 1201.079 Thread 0x00000196f95ba400 DEOPT PACKING pc=0x00000196e40fba74 sp=0x00000079ad3fd9d0
Event: 1201.079 Thread 0x00000196f95ba400 DEOPT UNPACKING pc=0x00000196e3d74bc2 sp=0x00000079ad3fcf38 mode 1
Event: 1201.079 Thread 0x00000196f95ba400 DEOPT PACKING pc=0x00000196e4a42bbc sp=0x00000079ad3fd6c0
Event: 1201.079 Thread 0x00000196f95ba400 DEOPT UNPACKING pc=0x00000196e3d74bc2 sp=0x00000079ad3fcc28 mode 1
Event: 1201.079 Thread 0x00000196f95ba400 DEOPT PACKING pc=0x00000196e40fba74 sp=0x00000079ad3fd730
Event: 1201.079 Thread 0x00000196f95ba400 DEOPT UNPACKING pc=0x00000196e3d74bc2 sp=0x00000079ad3fcc98 mode 1
Event: 1201.079 Thread 0x00000196f95ba400 DEOPT PACKING pc=0x00000196e40fba74 sp=0x00000079ad3fd730
Event: 1201.080 Thread 0x00000196f95ba400 DEOPT UNPACKING pc=0x00000196e3d74bc2 sp=0x00000079ad3fcc98 mode 1
Event: 1201.080 Thread 0x00000196f95ba400 DEOPT PACKING pc=0x00000196e40fba74 sp=0x00000079ad3fd730
Event: 1201.080 Thread 0x00000196f95ba400 DEOPT UNPACKING pc=0x00000196e3d74bc2 sp=0x00000079ad3fcc98 mode 1
Event: 1201.080 Thread 0x00000196f95ba400 DEOPT PACKING pc=0x00000196e40fba74 sp=0x00000079ad3fd730
Event: 1201.080 Thread 0x00000196f95ba400 DEOPT UNPACKING pc=0x00000196e3d74bc2 sp=0x00000079ad3fcc98 mode 1
Event: 1201.080 Thread 0x00000196f95ba400 DEOPT PACKING pc=0x00000196e40fba74 sp=0x00000079ad3fd730
Event: 1201.080 Thread 0x00000196f95ba400 DEOPT UNPACKING pc=0x00000196e3d74bc2 sp=0x00000079ad3fcc98 mode 1
Event: 1201.080 Thread 0x00000196f95ba400 DEOPT PACKING pc=0x00000196e40fba74 sp=0x00000079ad3fd730
Event: 1201.080 Thread 0x00000196f95ba400 DEOPT UNPACKING pc=0x00000196e3d74bc2 sp=0x00000079ad3fcc98 mode 1
Event: 1201.080 Thread 0x00000196f95ba400 DEOPT PACKING pc=0x00000196e40fba74 sp=0x00000079ad3fd730
Event: 1201.080 Thread 0x00000196f95ba400 DEOPT UNPACKING pc=0x00000196e3d74bc2 sp=0x00000079ad3fcc98 mode 1
Event: 1368.968 Thread 0x00000196fa6230f0 DEOPT PACKING pc=0x00000196e42ba844 sp=0x00000079aa9fdb70
Event: 1368.968 Thread 0x00000196fa6230f0 DEOPT UNPACKING pc=0x00000196e3d74bc2 sp=0x00000079aa9fd028 mode 0

Classes loaded (20 events):
Event: 203.194 Loading class com/sun/org/apache/xerces/internal/xni/XNIException done
Event: 203.194 Loading class com/sun/org/apache/xerces/internal/xni/parser/XMLParseException done
Event: 203.194 Loading class com/sun/org/apache/xerces/internal/util/ErrorHandlerWrapper$1
Event: 203.194 Loading class com/sun/org/apache/xerces/internal/util/ErrorHandlerWrapper$1 done
Event: 267.224 Loading class com/sun/org/apache/xerces/internal/impl/msg/XMLMessages
Event: 267.224 Loading class com/sun/org/apache/xerces/internal/impl/msg/XMLMessages done
Event: 267.224 Loading class com/sun/org/apache/xerces/internal/impl/msg/XMLMessages
Event: 267.224 Loading class com/sun/org/apache/xerces/internal/impl/msg/XMLMessages done
Event: 267.225 Loading class com/sun/org/apache/xerces/internal/impl/msg/XMLMessages_ja
Event: 267.225 Loading class com/sun/org/apache/xerces/internal/impl/msg/XMLMessages_ja done
Event: 267.225 Loading class com/sun/org/apache/xerces/internal/impl/msg/XMLMessages_ja
Event: 267.225 Loading class com/sun/org/apache/xerces/internal/impl/msg/XMLMessages_ja done
Event: 568.911 Loading class java/time/DurationEditor
Event: 568.911 Loading class java/time/DurationEditor done
Event: 733.715 Loading class java/time/DurationEditor
Event: 733.715 Loading class java/time/DurationEditor done
Event: 737.691 Loading class java/lang/foreign/ValueLayout
Event: 737.691 Loading class java/lang/foreign/MemoryLayout
Event: 737.691 Loading class java/lang/foreign/MemoryLayout done
Event: 737.691 Loading class java/lang/foreign/ValueLayout done

Classes unloaded (20 events):
Event: 733.482 Thread 0x00000196f3d4b510 Unloading class 0x00000196814a2c00 'java/lang/invoke/LambdaForm$MH+0x00000196814a2c00'
Event: 733.482 Thread 0x00000196f3d4b510 Unloading class 0x00000196814a2000 'java/lang/invoke/LambdaForm$MH+0x00000196814a2000'
Event: 733.482 Thread 0x00000196f3d4b510 Unloading class 0x00000196814a1c00 'java/lang/invoke/LambdaForm$MH+0x00000196814a1c00'
Event: 733.482 Thread 0x00000196f3d4b510 Unloading class 0x00000196814a0800 'java/lang/invoke/LambdaForm$MH+0x00000196814a0800'
Event: 733.482 Thread 0x00000196f3d4b510 Unloading class 0x00000196814a0400 'java/lang/invoke/LambdaForm$MH+0x00000196814a0400'
Event: 733.482 Thread 0x00000196f3d4b510 Unloading class 0x0000019681499800 'java/lang/invoke/LambdaForm$MH+0x0000019681499800'
Event: 733.482 Thread 0x00000196f3d4b510 Unloading class 0x0000019681498800 'java/lang/invoke/LambdaForm$MH+0x0000019681498800'
Event: 733.482 Thread 0x00000196f3d4b510 Unloading class 0x0000019681495400 'java/lang/invoke/LambdaForm$MH+0x0000019681495400'
Event: 733.482 Thread 0x00000196f3d4b510 Unloading class 0x0000019681494800 'java/lang/invoke/LambdaForm$MH+0x0000019681494800'
Event: 733.482 Thread 0x00000196f3d4b510 Unloading class 0x0000019681450c00 'java/lang/invoke/LambdaForm$MH+0x0000019681450c00'
Event: 733.482 Thread 0x00000196f3d4b510 Unloading class 0x0000019681435400 'java/lang/invoke/LambdaForm$MH+0x0000019681435400'
Event: 733.482 Thread 0x00000196f3d4b510 Unloading class 0x0000019681434c00 'java/lang/invoke/LambdaForm$MH+0x0000019681434c00'
Event: 733.482 Thread 0x00000196f3d4b510 Unloading class 0x000001968142d000 'java/lang/invoke/LambdaForm$MH+0x000001968142d000'
Event: 733.482 Thread 0x00000196f3d4b510 Unloading class 0x000001968142c800 'java/lang/invoke/LambdaForm$MH+0x000001968142c800'
Event: 733.482 Thread 0x00000196f3d4b510 Unloading class 0x000001968141b800 'java/lang/invoke/LambdaForm$MH+0x000001968141b800'
Event: 733.482 Thread 0x00000196f3d4b510 Unloading class 0x0000019681401400 'java/lang/invoke/LambdaForm$MH+0x0000019681401400'
Event: 733.482 Thread 0x00000196f3d4b510 Unloading class 0x0000019681400400 'java/lang/invoke/LambdaForm$MH+0x0000019681400400'
Event: 733.482 Thread 0x00000196f3d4b510 Unloading class 0x0000019681199800 'java/lang/invoke/LambdaForm$MH+0x0000019681199800'
Event: 733.482 Thread 0x00000196f3d4b510 Unloading class 0x00000196810ca000 'java/lang/invoke/LambdaForm$MH+0x00000196810ca000'
Event: 733.482 Thread 0x00000196f3d4b510 Unloading class 0x0000019681000400 'java/lang/invoke/LambdaForm$MH+0x0000019681000400'

Classes redefined (9 events):
Event: 366.173 Thread 0x00000196f3d4b510 redefined class name=com.example.hokkaidoec.mapper.AiGrowthMapper, count=1
Event: 366.173 Thread 0x00000196f3d4b510 redefined class name=com.example.hokkaidoec.mapper.AiGrowthMapper, count=1
Event: 366.173 Thread 0x00000196f3d4b510 redefined class name=com.example.hokkaidoec.mapper.AiGrowthMapper, count=1
Event: 366.173 Thread 0x00000196f3d4b510 redefined class name=com.example.hokkaidoec.mapper.AiGrowthMapper, count=1
Event: 379.579 Thread 0x00000196f3d4b510 redefined class name=com.example.hokkaidoec.mapper.AiGrowthMapper, count=2
Event: 379.579 Thread 0x00000196f3d4b510 redefined class name=com.example.hokkaidoec.mapper.AiGrowthMapper, count=2
Event: 379.579 Thread 0x00000196f3d4b510 redefined class name=com.example.hokkaidoec.mapper.AiGrowthMapper, count=2
Event: 379.579 Thread 0x00000196f3d4b510 redefined class name=com.example.hokkaidoec.mapper.AiGrowthMapper, count=2
Event: 379.579 Thread 0x00000196f3d4b510 redefined class name=com.example.hokkaidoec.mapper.AiGrowthMapper, count=1

Internal exceptions (20 events):
Event: 568.866 Thread 0x00000196fa7d7b50 Exception <a 'java/lang/NoSuchMethodError'{0x000000060a81d3d8}: 'void java.lang.invoke.DelegatingMethodHandle$Holder.reinvoke_L(java.lang.Object, java.lang.Object, int)'> (0x000000060a81d3d8) 
thrown [s\src\hotspot\share\interpreter\linkResolver.cpp, line 773]
Event: 568.943 Thread 0x00000196fa7d7b50 Exception <a 'java/lang/NoSuchMethodError'{0x000000060a63f9a8}: 'int java.lang.invoke.DirectMethodHandle$Holder.invokeVirtual(java.lang.Object, java.lang.Object, java.lang.Object, java.lang.Object)'> (0x000000060a63f9a8) 
thrown [s\src\hotspot\share\interpreter\linkResolver.cpp, line 773]
Event: 568.943 Thread 0x00000196fa7d7b50 Exception <a 'java/lang/NoSuchMethodError'{0x000000060a642fa0}: 'int java.lang.invoke.DelegatingMethodHandle$Holder.reinvoke_L(java.lang.Object, java.lang.Object, java.lang.Object, java.lang.Object)'> (0x000000060a642fa0) 
thrown [s\src\hotspot\share\interpreter\linkResolver.cpp, line 773]
Event: 568.948 Thread 0x00000196fa7d7b50 Exception <a 'java/io/FileNotFoundException'{0x000000060a6882c8}> (0x000000060a6882c8) 
thrown [s\src\hotspot\share\prims\jni.cpp, line 520]
Event: 568.971 Thread 0x00000196fa7d7b50 Exception <a 'java/io/FileNotFoundException'{0x000000060a7d6840}> (0x000000060a7d6840) 
thrown [s\src\hotspot\share\prims\jni.cpp, line 520]
Event: 601.069 Thread 0x00000196f95ba400 Exception <a 'java/lang/NoSuchMethodError'{0x000000060bad6de8}: static [B.<clinit>()V> (0x000000060bad6de8) 
thrown [s\src\hotspot\share\prims\jni.cpp, line 1111]
Event: 733.468 Thread 0x00000196fa7d4d60 Exception <a 'java/lang/InterruptedException'{0x000000060b77d3c0}: sleep interrupted> (0x000000060b77d3c0) 
thrown [s\src\hotspot\share\prims\jvm.cpp, line 3087]
Event: 733.525 Thread 0x00000196fa626570 Exception <a 'sun/nio/fs/WindowsException'{0x000000060bd04e30}> (0x000000060bd04e30) 
thrown [s\src\hotspot\share\prims\jni.cpp, line 520]
Event: 733.676 Thread 0x00000196fa626570 Exception <a 'java/lang/NoSuchMethodError'{0x000000060aff0be0}: 'void java.lang.invoke.DelegatingMethodHandle$Holder.reinvoke_L(java.lang.Object, java.lang.Object, int)'> (0x000000060aff0be0) 
thrown [s\src\hotspot\share\interpreter\linkResolver.cpp, line 773]
Event: 733.736 Thread 0x00000196fa626570 Exception <a 'java/lang/NoSuchMethodError'{0x000000060a632610}: 'int java.lang.invoke.DirectMethodHandle$Holder.invokeVirtual(java.lang.Object, java.lang.Object, java.lang.Object, java.lang.Object)'> (0x000000060a632610) 
thrown [s\src\hotspot\share\interpreter\linkResolver.cpp, line 773]
Event: 733.737 Thread 0x00000196fa626570 Exception <a 'java/lang/NoSuchMethodError'{0x000000060a635c08}: 'int java.lang.invoke.DelegatingMethodHandle$Holder.reinvoke_L(java.lang.Object, java.lang.Object, java.lang.Object, java.lang.Object)'> (0x000000060a635c08) 
thrown [s\src\hotspot\share\interpreter\linkResolver.cpp, line 773]
Event: 733.740 Thread 0x00000196fa626570 Exception <a 'java/io/FileNotFoundException'{0x000000060a67ae88}> (0x000000060a67ae88) 
thrown [s\src\hotspot\share\prims\jni.cpp, line 520]
Event: 733.755 Thread 0x00000196fa626570 Exception <a 'java/io/FileNotFoundException'{0x000000060a7e21c0}> (0x000000060a7e21c0) 
thrown [s\src\hotspot\share\prims\jni.cpp, line 520]
Event: 733.759 Thread 0x00000196fa626570 Exception <a 'java/lang/NoClassDefFoundError'{0x000000060a073268}: UserForm> (0x000000060a073268) 
thrown [s\src\hotspot\share\classfile\systemDictionary.cpp, line 301]
Event: 733.764 Thread 0x00000196fa626c00 Exception <a 'java/lang/InterruptedException'{0x000000060a0b20a8}: sleep interrupted> (0x000000060a0b20a8) 
thrown [s\src\hotspot\share\prims\jvm.cpp, line 3087]
Event: 737.302 Thread 0x00000196fa6230f0 Exception <a 'sun/nio/fs/WindowsException'{0x000000060a2fa0f0}> (0x000000060a2fa0f0) 
thrown [s\src\hotspot\share\prims\jni.cpp, line 520]
Event: 737.417 Thread 0x00000196fa6230f0 Exception <a 'java/io/FileNotFoundException'{0x000000060a9fdc20}> (0x000000060a9fdc20) 
thrown [s\src\hotspot\share\prims\jni.cpp, line 520]
Event: 737.426 Thread 0x00000196fa6230f0 Exception <a 'java/io/FileNotFoundException'{0x000000060ab3f950}> (0x000000060ab3f950) 
thrown [s\src\hotspot\share\prims\jni.cpp, line 520]
Event: 901.078 Thread 0x00000196f95ba400 Exception <a 'java/lang/NoSuchMethodError'{0x000000060aa62e50}: static [B.<clinit>()V> (0x000000060aa62e50) 
thrown [s\src\hotspot\share\prims\jni.cpp, line 1111]
Event: 1201.080 Thread 0x00000196f95ba400 Exception <a 'java/lang/NoSuchMethodError'{0x000000060b99e028}: static [B.<clinit>()V> (0x000000060b99e028) 
thrown [s\src\hotspot\share\prims\jni.cpp, line 1111]

ZGC Phase Switch (0 events):
No events

VM Operations (20 events):
Event: 1115.417 Executing VM operation: G1CollectForAllocation (G1 Evacuation Pause) done
Event: 1134.566 Executing VM operation: Cleanup
Event: 1134.566 Executing VM operation: Cleanup done
Event: 1185.606 Executing VM operation: G1CollectForAllocation (G1 Evacuation Pause)
Event: 1185.607 Executing VM operation: G1CollectForAllocation (G1 Evacuation Pause) done
Event: 1201.752 Executing VM operation: Cleanup
Event: 1201.752 Executing VM operation: Cleanup done
Event: 1253.771 Executing VM operation: G1CollectForAllocation (G1 Evacuation Pause)
Event: 1253.772 Executing VM operation: G1CollectForAllocation (G1 Evacuation Pause) done
Event: 1261.777 Executing VM operation: Cleanup
Event: 1261.777 Executing VM operation: Cleanup done
Event: 1291.070 Executing VM operation: Cleanup
Event: 1291.070 Executing VM operation: Cleanup done
Event: 1323.833 Executing VM operation: G1CollectForAllocation (G1 Evacuation Pause)
Event: 1323.835 Executing VM operation: G1CollectForAllocation (G1 Evacuation Pause) done
Event: 1368.968 Executing VM operation: ChangeSingleStep
Event: 1368.968 Executing VM operation: ChangeSingleStep done
Event: 1368.968 Executing VM operation: ChangeSingleStep
Event: 1368.968 Executing VM operation: ChangeSingleStep done
Event: 1393.227 Executing VM operation: G1CollectForAllocation (G1 Evacuation Pause)

Memory protections (0 events):
No events

Nmethod flushes (20 events):
Event: 733.494 Thread 0x00000196f3d4b510 flushing  nmethod 0x00000196e482c090
Event: 733.494 Thread 0x00000196f3d4b510 flushing  nmethod 0x00000196e482d810
Event: 733.494 Thread 0x00000196f3d4b510 flushing  nmethod 0x00000196e483f790
Event: 733.494 Thread 0x00000196f3d4b510 flushing  nmethod 0x00000196e4840090
Event: 733.494 Thread 0x00000196f3d4b510 flushing  nmethod 0x00000196e4845090
Event: 733.494 Thread 0x00000196f3d4b510 flushing  nmethod 0x00000196e4847090
Event: 733.494 Thread 0x00000196f3d4b510 flushing  nmethod 0x00000196e484ad90
Event: 733.494 Thread 0x00000196f3d4b510 flushing  nmethod 0x00000196e484e710
Event: 733.494 Thread 0x00000196f3d4b510 flushing  nmethod 0x00000196e484eb10
Event: 733.494 Thread 0x00000196f3d4b510 flushing  nmethod 0x00000196e4858090
Event: 733.494 Thread 0x00000196f3d4b510 flushing  nmethod 0x00000196e485d190
Event: 733.494 Thread 0x00000196f3d4b510 flushing  nmethod 0x00000196e485d490
Event: 733.494 Thread 0x00000196f3d4b510 flushing  nmethod 0x00000196e4861810
Event: 733.494 Thread 0x00000196f3d4b510 flushing  nmethod 0x00000196e4863d90
Event: 733.494 Thread 0x00000196f3d4b510 flushing  nmethod 0x00000196e4864990
Event: 733.494 Thread 0x00000196f3d4b510 flushing  nmethod 0x00000196e486c190
Event: 733.494 Thread 0x00000196f3d4b510 flushing  nmethod 0x00000196e486eb90
Event: 733.494 Thread 0x00000196f3d4b510 flushing  nmethod 0x00000196e4873790
Event: 733.494 Thread 0x00000196f3d4b510 flushing  nmethod 0x00000196e4873b10
Event: 733.494 Thread 0x00000196f3d4b510 flushing  nmethod 0x00000196e4874510

Events (20 events):
Event: 733.764 Thread 0x00000196fa626c00 Thread exited: 0x00000196fa626c00
Event: 733.764 Thread 0x00000196fa6230f0 Thread exited: 0x00000196fa6230f0
Event: 733.765 Thread 0x00000196fa625ee0 Thread exited: 0x00000196fa625ee0
Event: 733.770 Thread 0x00000196fa626570 Thread exited: 0x00000196fa626570
Event: 733.770 Thread 0x00000196fa623e10 Thread added: 0x00000196fa626570
Event: 737.297 Thread 0x00000196fa623e10 Thread added: 0x00000196fa6230f0
Event: 737.325 Thread 0x00000196fa6230f0 Thread added: 0x00000196fa6251c0
Event: 737.329 Thread 0x00000196fa6251c0 Thread exited: 0x00000196fa6251c0
Event: 737.426 Thread 0x00000196fa6230f0 Thread added: 0x00000196fa626c00
Event: 737.426 Thread 0x00000196fa6230f0 Thread added: 0x00000196fa627920
Event: 737.426 Thread 0x00000196fa6230f0 Thread added: 0x00000196fa6251c0
Event: 737.476 Thread 0x00000196fa6230f0 Thread added: 0x00000196fa6244a0
Event: 737.591 Thread 0x00000196fa6244a0 Thread added: 0x00000196fa627fb0
Event: 737.662 Thread 0x00000196f3dacec0 Thread added: 0x00000196f462ce80
Event: 737.663 Thread 0x00000196f3dacec0 Thread added: 0x00000196f4630bc0
Event: 737.663 Thread 0x00000196f3dacec0 Thread added: 0x00000196fa8c1730
Event: 743.258 Thread 0x00000196fa8c1730 Thread exited: 0x00000196fa8c1730
Event: 743.258 Thread 0x00000196f4630bc0 Thread exited: 0x00000196f4630bc0
Event: 743.258 Thread 0x00000196f462ce80 Thread exited: 0x00000196f462ce80
Event: 743.304 Thread 0x00000196fa627fb0 Thread exited: 0x00000196fa627fb0


Dynamic libraries:
0x00007ff6b5800000 - 0x00007ff6b580e000 	C:\pleiades\2025-12\java\21\bin\javaw.exe
0x00007fff945c0000 - 0x00007fff94827000 	C:\Windows\SYSTEM32\ntdll.dll
0x00007fff934a0000 - 0x00007fff93569000 	C:\Windows\System32\KERNEL32.DLL
0x00007fff910a0000 - 0x00007fff91497000 	C:\Windows\System32\KERNELBASE.dll
0x00007fff914a0000 - 0x00007fff915eb000 	C:\Windows\System32\ucrtbase.dll
0x00007fff8c580000 - 0x00007fff8c59e000 	C:\pleiades\2025-12\java\21\bin\VCRUNTIME140.dll
0x00007ffedb070000 - 0x00007ffedb088000 	C:\pleiades\2025-12\java\21\bin\jli.dll
0x00007fff93710000 - 0x00007fff938d6000 	C:\Windows\System32\USER32.dll
0x00007fff92120000 - 0x00007fff92147000 	C:\Windows\System32\win32u.dll
0x00007fff93360000 - 0x00007fff9338b000 	C:\Windows\System32\GDI32.dll
0x00007fff6e200000 - 0x00007fff6e492000 	C:\Windows\WinSxS\amd64_microsoft.windows.common-controls_6595b64144ccf1df_6.0.26100.8457_none_3e0b2faee331e92d\COMCTL32.dll
0x00007fff92150000 - 0x00007fff9227c000 	C:\Windows\System32\gdi32full.dll
0x00007fff90ff0000 - 0x00007fff91093000 	C:\Windows\System32\msvcp_win.dll
0x00007fff93390000 - 0x00007fff93439000 	C:\Windows\System32\msvcrt.dll
0x00007fff927d0000 - 0x00007fff92802000 	C:\Windows\System32\IMM32.DLL
0x00007fff8c570000 - 0x00007fff8c57c000 	C:\pleiades\2025-12\java\21\bin\vcruntime140_1.dll
0x00007ffec7ed0000 - 0x00007ffec7f5d000 	C:\pleiades\2025-12\java\21\bin\msvcp140.dll
0x00007ffedb0b0000 - 0x00007ffedbe50000 	C:\pleiades\2025-12\java\21\bin\server\jvm.dll
0x00007fff943a0000 - 0x00007fff94456000 	C:\Windows\System32\ADVAPI32.dll
0x00007fff92a70000 - 0x00007fff92b17000 	C:\Windows\System32\sechost.dll
0x00007fff93df0000 - 0x00007fff93f08000 	C:\Windows\System32\RPCRT4.dll
0x00007fff92810000 - 0x00007fff92890000 	C:\Windows\System32\WS2_32.dll
0x00007fff90e70000 - 0x00007fff90ece000 	C:\Windows\SYSTEM32\POWRPROF.dll
0x00007fff8b3f0000 - 0x00007fff8b426000 	C:\Windows\SYSTEM32\WINMM.dll
0x00007fff7b530000 - 0x00007fff7b53b000 	C:\Windows\SYSTEM32\VERSION.dll
0x00007fff90e50000 - 0x00007fff90e64000 	C:\Windows\SYSTEM32\UMPDC.dll
0x00007fff8fd40000 - 0x00007fff8fd5b000 	C:\Windows\SYSTEM32\kernel.appcore.dll
0x00007fff4a820000 - 0x00007fff4a82a000 	C:\pleiades\2025-12\java\21\bin\jimage.dll
0x00007fff8efe0000 - 0x00007fff8f222000 	C:\Windows\SYSTEM32\DBGHELP.DLL
0x00007fff94010000 - 0x00007fff94393000 	C:\Windows\System32\combase.dll
0x00007fff93570000 - 0x00007fff93649000 	C:\Windows\System32\OLEAUT32.dll
0x00007fff51f20000 - 0x00007fff51f5b000 	C:\Windows\SYSTEM32\dbgcore.DLL
0x00007fff91e60000 - 0x00007fff91f08000 	C:\Windows\System32\bcryptPrimitives.dll
0x00007fff5e760000 - 0x00007fff5e79c000 	C:\pleiades\2025-12\java\21\bin\jdwp.dll
0x00007fff4a100000 - 0x00007fff4a10f000 	C:\pleiades\2025-12\java\21\bin\instrument.dll
0x00007ffedb090000 - 0x00007ffedb0b0000 	C:\pleiades\2025-12\java\21\bin\java.dll
0x00007fff92bc0000 - 0x00007fff9332e000 	C:\Windows\System32\SHELL32.dll
0x00007fff915f0000 - 0x00007fff91e5c000 	C:\Windows\System32\windows.storage.dll
0x00007fff93f10000 - 0x00007fff94006000 	C:\Windows\System32\SHCORE.dll
0x00007fff92a00000 - 0x00007fff92a66000 	C:\Windows\System32\shlwapi.dll
0x00007fff90f10000 - 0x00007fff90f39000 	C:\Windows\SYSTEM32\profapi.dll
0x00007fff8e200000 - 0x00007fff8e20c000 	C:\pleiades\2025-12\java\21\bin\dt_socket.dll
0x00007fff8f7e0000 - 0x00007fff8f812000 	C:\Windows\SYSTEM32\IPHLPAPI.DLL
0x00007fff90290000 - 0x00007fff902fc000 	C:\Windows\system32\mswsock.dll
0x00007fff8f820000 - 0x00007fff8f952000 	C:\Windows\SYSTEM32\DNSAPI.dll
0x00007fff93ac0000 - 0x00007fff93aca000 	C:\Windows\System32\NSI.dll
0x00007fff89c60000 - 0x00007fff89c6b000 	C:\Windows\System32\rasadhlp.dll
0x00007fff8bcb0000 - 0x00007fff8bd36000 	C:\Windows\System32\fwpuclnt.dll
0x00007ffedb050000 - 0x00007ffedb068000 	C:\pleiades\2025-12\java\21\bin\zip.dll
0x00007fff49d70000 - 0x00007fff49d80000 	C:\pleiades\2025-12\java\21\bin\net.dll
0x00007fff8ad70000 - 0x00007fff8ae99000 	C:\Windows\SYSTEM32\WINHTTP.dll
0x00007ffedb030000 - 0x00007ffedb046000 	C:\pleiades\2025-12\java\21\bin\nio.dll
0x00007fff8c560000 - 0x00007fff8c56a000 	C:\pleiades\2025-12\java\21\bin\management.dll
0x00007fff6c980000 - 0x00007fff6c98c000 	C:\pleiades\2025-12\java\21\bin\management_ext.dll
0x00007fff92bb0000 - 0x00007fff92bb8000 	C:\Windows\System32\PSAPI.DLL
0x00007fff7a260000 - 0x00007fff7a278000 	C:\Windows\system32\napinsp.dll
0x00007fff4c540000 - 0x00007fff4c553000 	C:\Windows\System32\winrnr.dll
0x00007fff4c510000 - 0x00007fff4c532000 	C:\Windows\system32\nlansp_c.dll
0x00007fff4fe10000 - 0x00007fff4fe26000 	C:\Windows\system32\wshbth.dll
0x00007fff8e1f0000 - 0x00007fff8e200000 	C:\pleiades\2025-12\java\21\bin\verify.dll
0x00007fff90690000 - 0x00007fff906ab000 	C:\Windows\SYSTEM32\CRYPTSP.dll
0x00007fff8fca0000 - 0x00007fff8fcd9000 	C:\Windows\system32\rsaenh.dll
0x00007fff90340000 - 0x00007fff90373000 	C:\Windows\SYSTEM32\USERENV.dll
0x00007fff90ee0000 - 0x00007fff90f0a000 	C:\Windows\SYSTEM32\bcrypt.dll
0x00007fff904f0000 - 0x00007fff904fc000 	C:\Windows\SYSTEM32\CRYPTBASE.dll
0x00007fff4e420000 - 0x00007fff4e429000 	C:\pleiades\2025-12\java\21\bin\extnet.dll
0x00007ffefea90000 - 0x00007ffefea9e000 	C:\pleiades\2025-12\java\21\bin\sunmscapi.dll
0x00007fff91f10000 - 0x00007fff92088000 	C:\Windows\System32\CRYPT32.dll
0x00007fff907f0000 - 0x00007fff90820000 	C:\Windows\SYSTEM32\ncrypt.dll
0x00007fff907a0000 - 0x00007fff907df000 	C:\Windows\SYSTEM32\NTASN1.dll
0x00007fff4ba00000 - 0x00007fff4ba08000 	C:\Windows\system32\wshunix.dll

JVMTI agents:
jdwp path:C:\pleiades\2025-12\java\21\bin\jdwp.dll, loaded, initialized, options:transport=dt_socket,suspend=y,address=localhost:63866
C:\pleiades\2025-12\eclipse\configuration\org.eclipse.osgi\258\0\.cp\lib\javaagent-shaded.jar path:C:\pleiades\2025-12\java\21\bin\instrument.dll, loaded, initialized, instrumentlib options:none

dbghelp: loaded successfully - version: 4.0.5 - missing functions: none
symbol engine: initialized successfully - sym options: 0x614 - pdb path: .;C:\pleiades\2025-12\java\21\bin;C:\Windows\SYSTEM32;C:\Windows\WinSxS\amd64_microsoft.windows.common-controls_6595b64144ccf1df_6.0.26100.8457_none_3e0b2faee331e92d;C:\pleiades\2025-12\java\21\bin\server

VM Arguments:
jvm_args: -XX:+ShowCodeDetailsInExceptionMessages -agentlib:jdwp=transport=dt_socket,suspend=y,address=localhost:63866 -Dcom.sun.management.jmxremote -Dcom.sun.management.jmxremote.port=63865 -Dcom.sun.management.jmxremote.authenticate=false -Dcom.sun.management.jmxremote.ssl=false -Djava.rmi.server.hostname=localhost -Dspring.jmx.enabled=true -Dmanagement.endpoints.jmx.exposure.include=* -Dspring.application.admin.enabled=true -Dspring.output.ansi.enabled=always -XX:TieredStopAtLevel=1 -Dspring.boot.project.name=Pakubakupaku_ECsite-1 -javaagent:C:\pleiades\2025-12\eclipse\configuration\org.eclipse.osgi\258\0\.cp\lib\javaagent-shaded.jar -Dfile.encoding=UTF-8 -Dstdout.encoding=UTF-8 -Dstderr.encoding=UTF-8 
java_command: com.example.hokkaidoec.PakubakupakuECsiteApplication
java_class_path (initial): C:\pleiades\2025-12\workspace\Pakubakupaku_ECsite-1\target\classes;C:\Users\jinji202601\.m2\repository\org\springframework\boot\spring-boot-starter-webmvc\4.0.6\spring-boot-starter-webmvc-4.0.6.jar;C:\Users\jinji202601\.m2\repository\org\springframework\boot\spring-boot-starter\4.0.6\spring-boot-starter-4.0.6.jar;C:\Users\jinji202601\.m2\repository\org\springframework\boot\spring-boot-starter-logging\4.0.6\spring-boot-starter-logging-4.0.6.jar;C:\Users\jinji202601\.m2\repository\ch\qos\logback\logback-classic\1.5.32\logback-classic-1.5.32.jar;C:\Users\jinji202601\.m2\repository\ch\qos\logback\logback-core\1.5.32\logback-core-1.5.32.jar;C:\Users\jinji202601\.m2\repository\org\apache\logging\log4j\log4j-to-slf4j\2.25.4\log4j-to-slf4j-2.25.4.jar;C:\Users\jinji202601\.m2\repository\org\apache\logging\log4j\log4j-api\2.25.4\log4j-api-2.25.4.jar;C:\Users\jinji202601\.m2\repository\org\slf4j\jul-to-slf4j\2.0.17\jul-to-slf4j-2.0.17.jar;C:\Users\jinji202601\.m2\repository\jakarta\annotation\jakarta.annotation-api\3.0.0\jakarta.annotation-api-3.0.0.jar;C:\Users\jinji202601\.m2\repository\org\yaml\snakeyaml\2.5\snakeyaml-2.5.jar;C:\Users\jinji202601\.m2\repository\org\springframework\boot\spring-boot-starter-jackson\4.0.6\spring-boot-starter-jackson-4.0.6.jar;C:\Users\jinji202601\.m2\repository\org\springframework\boot\spring-boot-jackson\4.0.6\spring-boot-jackson-4.0.6.jar;C:\Users\jinji202601\.m2\repository\tools\jackson\core\jackson-databind\3.1.2\jackson-databind-3.1.2.jar;C:\Users\jinji202601\.m2\repository\com\fasterxml\jackson\core\jackson-annotations\2.21\jackson-annotations-2.21.jar;C:\Users\jinji202601\.m2\repository\tools\jackson\core\jackson-core\3.1.2\jackson-core-3.1.2.jar;C:\Users\jinji202601\.m2\repository\org\springframework\boot\spring-boot-starter-tomcat\4.0.6\spring-boot-starter-tomcat-4.0.6.jar;C:\Users\jinji202601\.m2\repository\org\springframework\boot\spring-boot-starter-tomcat-runtime\4.0.6\spring-boot-starter-tomcat-runtime-4.0.6.jar;C:\Users\jinji202601\.m2\repository\org\apache\tomcat\embed\tomcat-embed-core\11.0.21\tomcat-embed-core-11.0.21.jar;C:\Users\jinji202601\.m2\repository\org\apache\tomcat\embed\tomcat-embed-websocket\11.0.21\tomcat-embed-websocket-11.0.21.jar;C:\Users\jinji202601\.m2\repository\org\springframework\boot\spring-boot-tomcat\4.0.6\spring-boot-tomcat-4.0.6.jar;C:\Users\jinji202601\.m2\repository\org\springframework\boot\spring-boot-http-converter\4.0.6\spring-boot-http-converter-4.0.6.jar;C:\Users\jinji202601\.m2\repository\org\springframework\spring-web\7.0.7\spring-web-7.0.7.jar;C:\Users\jinji202601\.m2\repository\org\springframework\spring-beans\7.0.7\spring-beans-7.0.7.jar;C:\Users\jinji202601\.m2\repository\io\micrometer\micrometer-observation\1.16.5\micrometer-observation-1.16.5.jar;C:\Users\jinji202601\.m2\repository\io\micrometer\micrometer-commons\1.16.5\micrometer-commons-1.16.5.jar;C:\Users\jinji202601\.m2\repository\org\springframework\boot\spring-boot-webmvc\4.0.6\spring-boot-webmvc-4.0.6.jar;C:\Users\jinji202601\.m2\repository\org\springframework\boot\spring-boot-servlet\4.0.6\spring-boot-servlet-4.0.6.jar;C:\Users\jinji202601\.m2\repository\org\springframework\spring-webmvc\7.0.7\spring-webmvc-7.0.7.jar;C:\Users\jinji202601\.m2\repository\org\springframework\spring-aop\7.0.7\spring-aop-7.0.7.jar;C:\Users\jinji202601\.m2\repository\org\springframework\spring-expression\7.0.7\spring-expression-7.0.7.jar;C:\Users\jinji202601\.m2\repository\org\springframework\boot\spring-boot-starter-thymeleaf\4.0.6\spring-boot-starter-thymeleaf-4.0.6.jar;C:\Users\jinji202601\.m2\repository\org\springframework\boot\spring-boot-thymeleaf\4.0.6\spring-boot-thymeleaf-4.0.6.jar;C:\Users\jinji202601\.m2\repository\org\thymeleaf\thymeleaf-spring6\3.1.5.RELEASE\thymeleaf-spring6-3.1.5.RELEASE.jar;C:\Users\jinji202601\.m2\repository\org\thymeleaf\thymeleaf\3.1.5.RELEASE\thymeleaf-3.1.5.RELEASE.jar;C:\Users\jinji202601\.m2\repository\org\attoparser\attoparser\2.0.7.RELEASE\attoparser-2.0.7.RELEASE.jar;C:\Users\jinji202601\.m2\repository\org\unbescape\unbescape\1.1.6.RELEASE\unbescape-1.1.6.RELEASE.jar;C:\Users\jinji202601\.m2\repository\org\slf4j\slf4j-api\2.0.17\slf4j-api-2.0.17.jar;C:\Users\jinji202601\.m2\repository\org\springframework\boot\spring-boot-starter-validation\4.0.6\spring-boot-starter-validation-4.0.6.jar;C:\Users\jinji202601\.m2\repository\org\springframework\boot\spring-boot-validation\4.0.6\spring-boot-validation-4.0.6.jar;C:\Users\jinji202601\.m2\repository\org\apache\tomcat\embed\tomcat-embed-el\11.0.21\tomcat-embed-el-11.0.21.jar;C:\Users\jinji202601\.m2\repository\org\hibernate\validator\hibernate-validator\9.0.1.Final\hibernate-validator-9.0.1.Final.jar;C:\Users\jinji202601\.m2\repository\jakarta\validation\jakarta.validation-api\3.1.1\jakarta.validation-api-3.1.1.jar;C:\Users\jinji202601\.m2\repository\org\jboss\logging\jboss-logging\3.6.3.Final\jboss-logging-3.6.3.Final.jar;C:\Users\jinji202601\.m2\repository\com\fasterxml\classmate\1.7.3\classmate-1.7.3.jar;C:\Users\jinji202601\.m2\repository\org\mybatis\spring\boot\mybatis-spring-boot-starter\4.0.1\mybatis-spring-boot-starter-4.0.1.jar;C:\Users\jinji202601\.m2\repository\org\springframework\boot\spring-boot-starter-jdbc\4.0.6\spring-boot-starter-jdbc-4.0.6.jar;C:\Users\jinji202601\.m2\repository\org\springframework\boot\spring-boot-jdbc\4.0.6\spring-boot-jdbc-4.0.6.jar;C:\Users\jinji202601\.m2\repository\org\springframework\boot\spring-boot-sql\4.0.6\spring-boot-sql-4.0.6.jar;C:\Users\jinji202601\.m2\repository\org\springframework\boot\spring-boot-transaction\4.0.6\spring-boot-transaction-4.0.6.jar;C:\Users\jinji202601\.m2\repository\org\springframework\boot\spring-boot-persistence\4.0.6\spring-boot-persistence-4.0.6.jar;C:\Users\jinji202601\.m2\repository\org\springframework\spring-tx\7.0.7\spring-tx-7.0.7.jar;C:\Users\jinji202601\.m2\repository\org\springframework\spring-jdbc\7.0.7\spring-jdbc-7.0.7.jar;C:\Users\jinji202601\.m2\repository\com\zaxxer\HikariCP\7.0.2\HikariCP-7.0.2.jar;C:\Users\jinji202601\.m2\repository\org\mybatis\spring\boot\mybatis-spring-boot-autoconfigure\4.0.1\mybatis-spring-boot-autoconfigure-4.0.1.jar;C:\Users\jinji202601\.m2\repository\org\mybatis\mybatis\3.5.19\mybatis-3.5.19.jar;C:\Users\jinji202601\.m2\repository\org\mybatis\mybatis-spring\4.0.0\mybatis-spring-4.0.0.jar;C:\Users\jinji202601\.m2\repository\org\postgresql\postgresql\42.7.10\postgresql-42.7.10.jar;C:\Users\jinji202601\.m2\repository\org\checkerframework\checker-qual\3.52.0\checker-qual-3.52.0.jar;C:\Users\jinji202601\.m2\repository\org\springframework\boot\spring-boot-devtools\4.0.6\spring-boot-devtools-4.0.6.jar;C:\Users\jinji202601\.m2\repository\org\springframework\boot\spring-boot\4.0.6\spring-boot-4.0.6.jar;C:\Users\jinji202601\.m2\repository\org\springframework\spring-core\7.0.7\spring-core-7.0.7.jar;C:\Users\jinji202601\.m2\repository\commons-logging\commons-logging\1.3.6\commons-logging-1.3.6.jar;C:\Users\jinji202601\.m2\repository\org\jspecify\jspecify\1.0.0\jspecify-1.0.0.jar;C:\Users\jinji202601\.m2\repository\org\springframework\spring-context\7.0.7\spring-context-7.0.7.jar;C:\Users\jinji202601\.m2\repository\org\springframework\boot\spring-boot-autoconfigure\4.0.6\spring-boot-autoconfigure-4.0.6.jar;C:\Users\jinji202601\.m2\repository\org\projectlombok\lombok\1.18.46\lombok-1.18.46.jar;C:\Users\jinji202601\.m2\repository\org\springframework\boot\spring-boot-web-server\4.0.6\spring-boot-web-server-4.0.6.jar
Launcher Type: SUN_STANDARD

[Global flags]
     intx CICompilerCount                          = 4                                         {product} {ergonomic}
     uint ConcGCThreads                            = 3                                         {product} {ergonomic}
     uint G1ConcRefinementThreads                  = 11                                        {product} {ergonomic}
   size_t G1HeapRegionSize                         = 4194304                                   {product} {ergonomic}
    uintx GCDrainStackTargetSize                   = 64                                        {product} {ergonomic}
   size_t InitialHeapSize                          = 528482304                                 {product} {ergonomic}
     bool ManagementServer                         = true                                      {product} {command line}
   size_t MarkStackSize                            = 4194304                                   {product} {ergonomic}
   size_t MaxHeapSize                              = 8447328256                                {product} {ergonomic}
   size_t MaxNewSize                               = 5066719232                                {product} {ergonomic}
   size_t MinHeapDeltaBytes                        = 4194304                                   {product} {ergonomic}
   size_t MinHeapSize                              = 8388608                                   {product} {ergonomic}
    uintx NonNMethodCodeHeapSize                   = 4096                                   {pd product} {ergonomic}
    uintx NonProfiledCodeHeapSize                  = 0                                      {pd product} {ergonomic}
     bool ProfileInterpreter                       = false                                  {pd product} {command line}
    uintx ProfiledCodeHeapSize                     = 0                                      {pd product} {ergonomic}
     bool ShowCodeDetailsInExceptionMessages       = true                                   {manageable} {command line}
   size_t SoftMaxHeapSize                          = 8447328256                             {manageable} {ergonomic}
     intx TieredStopAtLevel                        = 1                                         {product} {command line}
     bool UseCompressedOops                        = true                           {product lp64_product} {ergonomic}
     bool UseG1GC                                  = true                                      {product} {ergonomic}
     bool UseLargePagesIndividualAllocation        = false                                  {pd product} {ergonomic}

Logging:
Log output configuration:
 #0: stdout all=warning uptime,level,tags foldmultilines=false
 #1: stderr all=off uptime,level,tags foldmultilines=false

Release file:
IMPLEMENTOR="Eclipse Adoptium" 
IMPLEMENTOR_VERSION="Temurin-21.0.9+10" 
JAVA_RUNTIME_VERSION="21.0.9+10-LTS" 
JAVA_VERSION="21.0.9" 
JAVA_VERSION_DATE="2025-10-21" 
LIBC="default" 
MODULES="java.base java.compiler java.datatransfer java.xml java.prefs java.desktop java.instrument java.logging java.management java.security.sasl java.naming java.rmi java.management.rmi java.net.http java.scripting java.security.jgss java.transaction.xa java.sql java.sql.rowset java.xml.crypto java.se java.smartcardio jdk.accessibility jdk.internal.jvmstat jdk.attach jdk.charsets jdk.internal.opt jdk.zipfs jdk.compiler jdk.crypto.ec jdk.crypto.cryptoki jdk.crypto.mscapi jdk.dynalink jdk.internal.ed jdk.editpad jdk.hotspot.agent jdk.httpserver jdk.incubator.vector jdk.internal.le jdk.internal.vm.ci jdk.internal.vm.compiler jdk.internal.vm.compiler.management jdk.jartool jdk.javadoc jdk.jcmd jdk.management jdk.management.agent jdk.jconsole jdk.jdeps jdk.jdwp.agent jdk.jdi jdk.jfr jdk.jlink jdk.jpackage jdk.jshell jdk.jsobject jdk.jstatd jdk.localedata jdk.management.jfr jdk.naming.dns jdk.naming.rmi jdk.net jdk.nio.mapmode jdk.random jdk.sctp jdk.security.auth jdk.security.jgss jdk.unsupported jdk.unsupported.desktop jdk.xml.dom" 
OS_ARCH="x86_64" 
OS_NAME="Windows" 
SOURCE=".:git:759062135b07" 
BUILD_SOURCE="git:839fa0b45d809157cffd3dc8515aad262a4a1776"
BUILD_SOURCE_REPO="https://github.com/adoptium/temurin-build.git"
SOURCE_REPO="https://github.com/adoptium/jdk21u.git"
FULL_VERSION="21.0.9+10-LTS"
SEMANTIC_VERSION="21.0.9+10"
BUILD_INFO="OS: Windows Server 2022 Version: 10.0"
JVM_VARIANT="Hotspot"
JVM_VERSION="21.0.9+10-LTS"
IMAGE_TYPE="JDK"

Environment Variables:
PATH=C:/pleiades/2025-12/java/21/bin/server;C:/pleiades/2025-12/java/21/bin;C:\Windows\system32;C:\Windows;C:\Windows\System32\Wbem;C:\Windows\System32\WindowsPowerShell\v1.0\;C:\Windows\System32\OpenSSH\;C:\Program Files\dotnet\;C:\Program Files\Git\cmd;C:\Users\jinji202601\AppData\Local\Microsoft\WindowsApps;C:\Users\jinji202601\AppData\Local\Programs\Microsoft VS Code\bin;C:\pleiades\2025-12\eclipse;
USERNAME=jinji202601
OS=Windows_NT
PROCESSOR_IDENTIFIER=Intel64 Family 6 Model 170 Stepping 4, GenuineIntel
TMP=C:\Users\JINJI2~1\AppData\Local\Temp
TEMP=C:\Users\JINJI2~1\AppData\Local\Temp




Periodic native trim disabled

---------------  S Y S T E M  ---------------

OS:
 Windows 11 , 64 bit Build 26100 (10.0.26100.8328)
OS uptime: 0 days 7:28 hours
Hyper-V role detected

CPU: total 14 (initial active 14) (7 cores per cpu, 2 threads per core) family 6 model 170 stepping 4 microcode 0x28, cx8, cmov, fxsr, ht, mmx, 3dnowpref, sse, sse2, sse3, ssse3, sse4.1, sse4.2, popcnt, lzcnt, tsc, tscinvbit, avx, avx2, aes, erms, clmul, bmi1, bmi2, adx, sha, fma, vzeroupper, clflush, clflushopt, clwb, hv, serialize, rdtscp, rdpid, fsrm, f16c, cet_ibt, cet_ss
Processor Information for processor 0
  Max Mhz: 1700, Current Mhz: 1700, Mhz Limit: 1700
Processor Information for processor 1
  Max Mhz: 1700, Current Mhz: 1700, Mhz Limit: 1700
Processor Information for processor 2
  Max Mhz: 1200, Current Mhz: 1200, Mhz Limit: 1200
Processor Information for processor 3
  Max Mhz: 1200, Current Mhz: 1200, Mhz Limit: 1200
Processor Information for processor 4
  Max Mhz: 1200, Current Mhz: 1200, Mhz Limit: 1200
Processor Information for processor 5
  Max Mhz: 1200, Current Mhz: 1200, Mhz Limit: 1200
Processor Information for processor 6
  Max Mhz: 1200, Current Mhz: 1200, Mhz Limit: 1200
Processor Information for processor 7
  Max Mhz: 1200, Current Mhz: 1200, Mhz Limit: 1200
Processor Information for processor 8
  Max Mhz: 1200, Current Mhz: 1200, Mhz Limit: 1200
Processor Information for processor 9
  Max Mhz: 1200, Current Mhz: 1200, Mhz Limit: 1200
Processor Information for processor 10
  Max Mhz: 1700, Current Mhz: 1700, Mhz Limit: 1700
Processor Information for processor 11
  Max Mhz: 1700, Current Mhz: 1700, Mhz Limit: 1700
Processor Information for processor 12
  Max Mhz: 700, Current Mhz: 700, Mhz Limit: 700
Processor Information for processor 13
  Max Mhz: 700, Current Mhz: 700, Mhz Limit: 700

Memory: 4k page, system-wide physical 32212M (12645M free)
TotalPageFile size 34260M (AvailPageFile size 6964M)
current process WorkingSet (physical memory assigned to process): 190M, peak: 278M
current process commit charge ("private bytes"): 233M, peak: 640M

vm_info: OpenJDK 64-Bit Server VM (21.0.9+10-LTS) for windows-amd64 JRE (21.0.9+10-LTS), built on 2025-10-21T00:00:00Z by "admin" with unknown MS VC++:1942

END.
